[2026-07-19T21:11:51.530412] [INFO] Monitoring pipeline started.
[2026-07-19T21:11:51.530412] [INFO] Payload generated.
[2026-07-19T21:11:51.531423] [INFO] Payload validated.
[2026-07-19T21:11:51.531423] [INFO] Risk classified as ALERT.
[2026-07-19T21:11:51.531423] [INFO] Monitoring pipeline finished.
[2026-07-19T21:32:52.376285] [INFO] Monitoring pipeline started.
[2026-07-19T21:32:52.377286] [INFO] Payload generated.
[2026-07-19T21:32:52.377286] [INFO] Payload validated.
[2026-07-19T21:35:55.764825] [INFO] Monitoring pipeline started.
[2026-07-19T21:35:55.764825] [INFO] Payload generated.
[2026-07-19T21:35:55.764825] [INFO] Payload validated.
[2026-07-19T21:35:55.764825] [INFO] Risk classified as ALERT.
[2026-07-19T21:35:55.766318] [INFO] Monitoring pipeline finished.
[2026-07-19T21:44:26.899932] [INFO] Monitoring pipeline started.
[2026-07-19T21:44:26.900934] [INFO] Payload generated.
[2026-07-19T21:44:26.900934] [INFO] Payload validated.
[2026-07-19T21:44:26.900934] [INFO] Risk classified as ALERT.
[2026-07-19T21:44:26.919114] [INFO] Monitoring pipeline finished.
[2026-07-26T23:31:55.934822] [INFO] Monitoring pipeline started.
[2026-07-26T23:31:55.934822] [INFO] Payload generated.
[2026-07-26T23:31:55.935822] [INFO] Payload validated.
[2026-07-26T23:31:55.935822] [INFO] Risk classified as ALERT.
[2026-07-26T23:31:55.937292] [INFO] Monitoring pipeline finished.
[2026-07-26T23:55:06.359939] [INFO] Monitoring pipeline started.
[2026-07-26T23:55:06.359939] [INFO] Payload generated.
[2026-07-26T23:55:06.359939] [INFO] Payload validated.
[2026-07-26T23:55:06.360937] [INFO] Risk classified as ALERT.
[2026-07-26T23:55:06.361941] [INFO] Monitoring pipeline finished.
[2026-07-27T00:08:16.263862] [INFO] Monitoring pipeline started.
[2026-07-27T00:08:16.263862] [INFO] Payload generated.
[2026-07-27T00:08:16.263862] [INFO] Payload validated.
[2026-07-27T00:08:16.263862] [INFO] Risk classified as ALERT.
[2026-07-27T00:08:16.265327] [INFO] Monitoring pipeline finished.
[2026-07-27T00:32:26.287281] [INFO] Monitoring pipeline started.
[2026-07-27T00:32:26.288282] [INFO] Payload generated.
[2026-07-27T00:32:26.288282] [INFO] Payload validated.
[2026-07-27T00:32:26.288282] [INFO] Risk classified as ALERT.
[2026-07-27T00:32:26.289676] [INFO] Monitoring pipeline finished.
[2026-07-27T00:54:27.218759] [INFO] Monitoring pipeline started.
[2026-07-27T00:54:27.218759] [INFO] Payload generated.
[2026-07-27T00:54:27.219759] [INFO] Payload validated.
[2026-07-27T00:54:27.219759] [INFO] Risk classified as ALERT.
[2026-07-27T00:54:27.220760] [INFO] Monitoring pipeline finished.
[2026-07-30T17:28:20.749383] [INFO] Monitoring pipeline started.
[2026-07-30T17:28:20.750384] [INFO] Payload generated.
[2026-07-30T17:28:20.750384] [INFO] Payload validated.
[2026-07-30T17:28:20.750384] [INFO] Risk classified as ALERT.
[2026-07-30T17:28:20.752380] [INFO] Monitoring pipeline finished.
[2026-07-30T17:30:39.706264] [INFO] Monitoring pipeline started.
[2026-07-30T17:30:39.706264] [INFO] Payload generated.
[2026-07-30T17:30:39.707263] [INFO] Payload validated.
[2026-07-30T17:30:39.707263] [INFO] Risk classified as ALERT.
[2026-07-30T17:30:39.708264] [INFO] Monitoring pipeline finished.
[2026-07-30T17:31:13.822496] [INFO] Monitoring pipeline started.
[2026-07-30T17:31:13.823499] [INFO] Payload generated.
[2026-07-30T17:31:13.823499] [INFO] Payload validated.
[2026-07-30T17:31:13.823499] [INFO] Risk classified as ALERT.
[2026-07-30T17:31:13.824496] [INFO] Monitoring pipeline finished.
[2026-07-30T17:38:39.645843] [INFO] Monitoring pipeline started.
[2026-07-30T17:38:39.646777] [INFO] Payload generated.
[2026-07-30T17:38:39.646777] [INFO] Payload validated.
[2026-07-30T17:38:39.646777] [INFO] Risk classified as ALERT.
[2026-07-30T17:38:39.649314] [INFO] Monitoring pipeline finished.
[2026-07-30T17:39:44.722475] [INFO] Monitoring pipeline started.
[2026-07-30T17:39:44.722475] [INFO] Payload generated.
[2026-07-30T17:39:44.722475] [INFO] Payload validated.
[2026-07-30T17:39:44.723475] [INFO] Risk classified as ALERT.
[2026-07-30T17:39:44.724475] [INFO] Monitoring pipeline finished.
[2026-07-30T17:39:52.880002] [INFO] Monitoring pipeline started.
[2026-07-30T17:39:52.880002] [INFO] Payload generated.
[2026-07-30T17:39:52.880002] [INFO] Payload validated.
[2026-07-30T17:39:52.881002] [INFO] Risk classified as ALERT.
[2026-07-30T17:39:52.882003] [INFO] Monitoring pipeline finished.
[2026-07-30T17:40:05.349475] [INFO] Monitoring pipeline started.
[2026-07-30T17:40:05.349475] [INFO] Payload generated.
[2026-07-30T17:40:05.350474] [INFO] Payload validated.
[2026-07-30T17:40:05.350474] [INFO] Risk classified as ALERT.
[2026-07-30T17:40:05.351473] [INFO] Monitoring pipeline finished.
[2026-07-30T18:34:30.351839] [INFO] Monitoring pipeline started.
[2026-07-30T18:57:40.941502] [INFO] Monitoring pipeline started.
[2026-07-30T19:03:22.198839] [INFO] Monitoring pipeline started.
[2026-07-30T19:05:12.023818] [INFO] Monitoring pipeline started.
[2026-07-30T19:05:12.024814] [INFO] Payload generated.
[2026-07-30T19:05:12.024814] [INFO] Payload validated.
[2026-07-30T19:05:12.025815] [INFO] Risk classified as ALERT.
[2026-07-30T19:05:12.026818] [INFO] Monitoring pipeline finished.
[2026-07-30T19:11:13.261411] [INFO] Monitoring pipeline started.
[2026-07-30T19:11:13.262411] [INFO] Payload generated.
[2026-07-30T19:11:13.262411] [INFO] Payload validated.
[2026-07-30T19:11:13.262411] [INFO] Risk classified as ALERT.
[2026-07-30T19:11:13.263411] [INFO] Monitoring pipeline finished.
[2026-07-30T20:40:26.430965] [INFO] Monitoring pipeline started.
[2026-07-30T20:40:26.431970] [INFO] Payload generated.
[2026-07-30T20:40:26.431970] [INFO] Payload validated.
[2026-07-30T20:40:26.431970] [INFO] Risk classified as ALERT.
[2026-07-30T20:40:26.433008] [INFO] Monitoring pipeline finished.
[2026-07-30T20:41:45.884245] [INFO] Monitoring pipeline started.
[2026-07-30T20:41:45.884245] [INFO] Payload generated.
[2026-07-30T20:41:45.885233] [INFO] Payload validated.
[2026-07-30T20:41:45.885233] [INFO] Risk classified as ALERT.
[2026-07-30T20:41:45.886234] [INFO] Monitoring pipeline finished.
[2026-07-30T21:02:06.331912] [INFO] Monitoring pipeline started.
[2026-07-30T21:02:06.331912] [INFO] Payload generated.
[2026-07-30T21:02:06.332915] [INFO] Payload validated.
[2026-07-30T21:02:06.332915] [INFO] Risk classified as ALERT.
[2026-07-30T21:02:06.336912] [INFO] Monitoring pipeline finished.
[2026-07-30T21:09:26.400247] [INFO] Monitoring pipeline started.
[2026-07-30T21:09:26.401247] [INFO] Payload generated.
[2026-07-30T21:09:26.401247] [INFO] Payload validated.
[2026-07-30T21:09:26.402450] [INFO] Risk classified as ALERT.
[2026-07-30T21:09:26.403721] [INFO] Monitoring pipeline finished.
[2026-07-31T14:42:30.489530] [INFO] Monitoring pipeline started.
[2026-07-31T14:42:30.490693] [INFO] Payload generated.
[2026-07-31T14:42:30.491710] [INFO] Payload validated.
[2026-07-31T14:42:30.491710] [INFO] Risk classified as ALERT.
[2026-07-31T14:42:30.493755] [INFO] Monitoring pipeline finished.
[2026-07-31T15:02:42.434139] [INFO] Monitoring pipeline started.
[2026-07-31T15:02:42.434139] [INFO] Payload generated.
[2026-07-31T15:02:42.434139] [INFO] Payload validated.
[2026-07-31T15:02:42.434139] [INFO] Risk classified as ALERT.
[2026-07-31T15:02:42.436891] [INFO] Monitoring pipeline finished.
