[ALERT]
Node: Rio Teste
Sensor: water_level
Value: 2.77 m
Latitude: -26.918600
Longitude: -49.066100

Alert: flood risk detected. Prepare response.

[ALERT]
Node: Rio Teste
Sensor: water_level
Value: 2.83 m
Latitude: -26.918600
Longitude: -49.066100

Alert: flood risk detected. Prepare response.

[ALERT]
Node: Rio Teste
Sensor: water_level
Value: 2.44 m
Latitude: -26.918600
Longitude: -49.066100

Alert: flood risk detected. Prepare response.

[ALERT]
Node: Rio Teste
Sensor: water_level
Value: 2.90 m
Latitude: -26.918600
Longitude: -49.066100

Alert: flood risk detected. Prepare response.

[ALERT]
Node: Rio Teste
Sensor: water_level
Value: 2.30 m
Latitude: -26.918600
Longitude: -49.066100

Alert: flood risk detected. Prepare response.

[ALERT]
Node: Rio Teste
Sensor: water_level
Value: 2.22 m
Latitude: -26.918600
Longitude: -49.066100

Alert: flood risk detected. Prepare response.

[ALERT]
Node: Rio Teste
Sensor: water_level
Value: 2.09 m
Latitude: -26.918600
Longitude: -49.066100

Alert: flood risk detected. Prepare response.

[ALERT]
Node: Rio Teste
Sensor: water_level
Value: 2.00 m
Latitude: -26.918600
Longitude: -49.066100

Alert: flood risk detected. Prepare response.

[ALERT]
Node: Rio Teste
Sensor: water_level
Value: 2.40 m
Latitude: -26.918600
Longitude: -49.066100

Alert: flood risk detected. Prepare response.

[ALERT]
Node: Rio Teste
Sensor: water_level
Value: 2.26 m
Latitude: -26.918600
Longitude: -49.066100

Alert: flood risk detected. Prepare response.

[ALERT]
Node: Rio Teste
Sensor: water_level
Value: 2.31 m
Latitude: -26.918600
Longitude: -49.066100

Alert: flood risk detected. Prepare response.

[ALERT]
Node: Rio Teste
Sensor: water_level
Value: 2.19 m
Latitude: -26.918600
Longitude: -49.066100

Alert: flood risk detected. Prepare response.

[ALERT]
Node: Rio Teste
Sensor: water_level
Value: 2.78 m
Latitude: -26.918600
Longitude: -49.066100

Alert: flood risk detected. Prepare response.

[ALERT] Flood risk detected. Prepare response.
Location: Rio Teste
Coordinates: -26.9186, -49.0661
Prediction: 
Recommended action:


[ALERT] Flood risk detected. Prepare response.
Location: Rio Teste
Coordinates: -26.9186, -49.0661
Prediction: Next 2 hours
Recommended action:
Notify local authorities and prepare response teams.

[ALERT] Flood risk detected. Prepare response.
Location: Rio Teste
Coordinates: -26.9186, -49.0661
Prediction: Next 2 hours
Recommended action:
Notify local authorities and prepare response teams.

[ALERT] Flood risk detected. Prepare response.
Location: Rio Teste
Coordinates: -26.9186, -49.0661
Prediction: Next 2 hours
Recommended action:
Notify local authorities and prepare response teams.

[ALERT] Flood risk detected. Prepare response.
Location: Rio Teste
Coordinates: -26.9186, -49.0661
Prediction: Next 2 hours
Recommended action:
Notify local authorities and prepare response teams.

[ALERT] Flood risk detected. Prepare response.
Location: Rio Teste
Coordinates: -26.9186, -49.0661
Prediction: Next 2 hours
Recommended action:
Notify local authorities and prepare response teams.

[ALERT] Flood risk detected. Prepare response.
Location: Rio Teste
Coordinates: -26.9186, -49.0661
Prediction: Next 2 hours
Recommended action:
Notify local authorities and prepare response teams.

[ALERT] Flood risk detected. Prepare response.
Location: Rio Teste
Coordinates: -26.9186, -49.0661
Prediction: Next 2 hours
Recommended action:
Notify local authorities and prepare response teams.

